[bootstrapget.com/demos/one-bootstrap-admin-dashboard/index.html]
[backblue.gif]
[fade.gif]
[index.html]
[bootstrapget.com/demos/one-bootstrap-admin-dashboard/assets/fonts/bootstrap/bootstrap-icons.min.css]
[bootstrapget.com/demos/one-bootstrap-admin-dashboard/assets/css/main.min.css]
[bootstrapget.com/demos/one-bootstrap-admin-dashboard/assets/vendor/overlay-scroll/OverlayScrollbars.min.css]
[bootstrapget.com/demos/one-bootstrap-admin-dashboard/assets/vendor/toastify/toastify.css]
[bootstrapget.com/demos/one-bootstrap-admin-dashboard/assets/images/user1.png]
[bootstrapget.com/demos/one-bootstrap-admin-dashboard/analytics.html]
[bootstrapget.com/demos/one-bootstrap-admin-dashboard/widgets.html]
[bootstrapget.com/demos/one-bootstrap-admin-dashboard/calendar.html]
[bootstrapget.com/demos/one-bootstrap-admin-dashboard/default.html]
[bootstrapget.com/demos/one-bootstrap-admin-dashboard/accordions.html]
[bootstrapget.com/demos/one-bootstrap-admin-dashboard/alerts.html]
[bootstrapget.com/demos/one-bootstrap-admin-dashboard/buttons.html]
[bootstrapget.com/demos/one-bootstrap-admin-dashboard/badges.html]
[bootstrapget.com/demos/one-bootstrap-admin-dashboard/carousel.html]
[bootstrapget.com/demos/one-bootstrap-admin-dashboard/list-items.html]
[bootstrapget.com/demos/one-bootstrap-admin-dashboard/progress.html]
[bootstrapget.com/demos/one-bootstrap-admin-dashboard/popovers.html]
[bootstrapget.com/demos/one-bootstrap-admin-dashboard/tooltips.html]
[bootstrapget.com/demos/one-bootstrap-admin-dashboard/form-inputs.html]
[bootstrapget.com/demos/one-bootstrap-admin-dashboard/form-checkbox-radio.html]
[bootstrapget.com/demos/one-bootstrap-admin-dashboard/form-file-input.html]
[bootstrapget.com/demos/one-bootstrap-admin-dashboard/form-validations.html]
[bootstrapget.com/demos/one-bootstrap-admin-dashboard/date-time-pickers.html]
[bootstrapget.com/demos/one-bootstrap-admin-dashboard/form-layouts.html]
[bootstrapget.com/demos/one-bootstrap-admin-dashboard/create-invoice.html]
[bootstrapget.com/demos/one-bootstrap-admin-dashboard/view-invoice.html]
[bootstrapget.com/demos/one-bootstrap-admin-dashboard/invoice-list.html]
[bootstrapget.com/demos/one-bootstrap-admin-dashboard/tables.html]
[bootstrapget.com/demos/one-bootstrap-admin-dashboard/events.html]
[bootstrapget.com/demos/one-bootstrap-admin-dashboard/subscribers.html]
[bootstrapget.com/demos/one-bootstrap-admin-dashboard/contacts.html]
[bootstrapget.com/demos/one-bootstrap-admin-dashboard/settings.html]
[bootstrapget.com/demos/one-bootstrap-admin-dashboard/profile.html]
[bootstrapget.com/demos/one-bootstrap-admin-dashboard/cards.html]
[bootstrapget.com/demos/one-bootstrap-admin-dashboard/advanced-cards.html]
[bootstrapget.com/demos/one-bootstrap-admin-dashboard/apex.html]
[bootstrapget.com/demos/one-bootstrap-admin-dashboard/morris.html]
[bootstrapget.com/demos/one-bootstrap-admin-dashboard/maps.html]
[bootstrapget.com/demos/one-bootstrap-admin-dashboard/tabs.html]
[bootstrapget.com/demos/one-bootstrap-admin-dashboard/modals.html]
[bootstrapget.com/demos/one-bootstrap-admin-dashboard/icons.html]
[bootstrapget.com/demos/one-bootstrap-admin-dashboard/typography.html]
[bootstrapget.com/demos/one-bootstrap-admin-dashboard/login.html]
[bootstrapget.com/demos/one-bootstrap-admin-dashboard/signup.html]
[bootstrapget.com/demos/one-bootstrap-admin-dashboard/forgot-password.html]
[bootstrapget.com/demos/one-bootstrap-admin-dashboard/reset-password.html]
[bootstrapget.com/demos/one-bootstrap-admin-dashboard/lock-screen.html]
[bootstrapget.com/demos/one-bootstrap-admin-dashboard/page-not-found.html]
[bootstrapget.com/demos/one-bootstrap-admin-dashboard/maintenance.html]
[bootstrapget.com/demos/one-bootstrap-admin-dashboard/assets/images/user.png]
[bootstrapget.com/demos/one-bootstrap-admin-dashboard/assets/images/user2.png]
[bootstrapget.com/demos/one-bootstrap-admin-dashboard/assets/js/jquery.min.js]
[bootstrapget.com/demos/one-bootstrap-admin-dashboard/assets/js/bootstrap.bundle.min.js]
[bootstrapget.com/demos/one-bootstrap-admin-dashboard/assets/vendor/overlay-scroll/jquery.overlayScrollbars.min.js]
[bootstrapget.com/demos/one-bootstrap-admin-dashboard/assets/vendor/overlay-scroll/custom-scrollbar.js]
[bootstrapget.com/demos/one-bootstrap-admin-dashboard/assets/vendor/toastify/toastify.js]
[bootstrapget.com/demos/one-bootstrap-admin-dashboard/assets/vendor/toastify/custom.js]
[bootstrapget.com/demos/one-bootstrap-admin-dashboard/assets/vendor/apex/apexcharts.min.js]
[bootstrapget.com/demos/one-bootstrap-admin-dashboard/assets/vendor/apex/custom/dash1/visitors.js]
[bootstrapget.com/demos/one-bootstrap-admin-dashboard/assets/vendor/apex/custom/dash1/sales.js]
[bootstrapget.com/demos/one-bootstrap-admin-dashboard/assets/vendor/apex/custom/dash1/orders.js]
[bootstrapget.com/demos/one-bootstrap-admin-dashboard/assets/vendor/apex/custom/dash1/sparkline.js]
[bootstrapget.com/demos/one-bootstrap-admin-dashboard/assets/vendor/apex/custom/dash1/tasks.js]
[bootstrapget.com/demos/one-bootstrap-admin-dashboard/assets/vendor/jvectormap/jquery-jvectormap-2.0.5.min.js]
[bootstrapget.com/demos/one-bootstrap-admin-dashboard/assets/vendor/jvectormap/gdp-data.js]
[bootstrapget.com/demos/one-bootstrap-admin-dashboard/assets/vendor/jvectormap/us_aea.js]
[bootstrapget.com/demos/one-bootstrap-admin-dashboard/assets/vendor/jvectormap/usa.js]
[bootstrapget.com/demos/one-bootstrap-admin-dashboard/assets/vendor/jvectormap/custom/map-usa4.js]
[bootstrapget.com/demos/one-bootstrap-admin-dashboard/assets/js/custom.js]
[bootstrapget.com/demos/one-bootstrap-admin-dashboard/index.html]
[bootstrapget.com/demos/one-bootstrap-admin-dashboard/assets/images/favicon.svg]
[bootstrapget.com/demos/one-bootstrap-admin-dashboard/assets/fonts/bootstrap/bootstrap-icons0107.woff2]
[bootstrapget.com/demos/one-bootstrap-admin-dashboard/assets/fonts/bootstrap/bootstrap-icons0107.woff]
[bootstrapget.com/demos/one-bootstrap-admin-dashboard/assets/fonts/bootstrap/bootstrap-icons.min.css]
[bootstrapget.com/demos/one-bootstrap-admin-dashboard/assets/css/main.min.css]
[bootstrapget.com/demos/one-bootstrap-admin-dashboard/assets/vendor/overlay-scroll/OverlayScrollbars.min.css]
[bootstrapget.com/demos/one-bootstrap-admin-dashboard/assets/vendor/toastify/toastify.css]
[bootstrapget.com/demos/one-bootstrap-admin-dashboard/assets/images/logo.svg]
[bootstrapget.com/demos/one-bootstrap-admin-dashboard/assets/images/user3.png]
[bootstrapget.com/demos/one-bootstrap-admin-dashboard/assets/images/user4.png]
[bootstrapget.com/demos/one-bootstrap-admin-dashboard/assets/images/user5.png]
[bootstrapget.com/demos/one-bootstrap-admin-dashboard/assets/vendor/apex/custom/dash2/sparkline.js]
[bootstrapget.com/demos/one-bootstrap-admin-dashboard/assets/vendor/apex/custom/dash2/traffic.js]
[bootstrapget.com/demos/one-bootstrap-admin-dashboard/assets/vendor/apex/custom/dash2/active-users.js]
[bootstrapget.com/demos/one-bootstrap-admin-dashboard/assets/vendor/apex/custom/dash2/sessions.js]
[bootstrapget.com/demos/one-bootstrap-admin-dashboard/analytics.html]
[bootstrapget.com/demos/one-bootstrap-admin-dashboard/assets/images/mobiles/mob5.jpg]
[bootstrapget.com/demos/one-bootstrap-admin-dashboard/assets/images/mobiles/mob6.jpg]
[bootstrapget.com/demos/one-bootstrap-admin-dashboard/assets/images/mobiles/mob8.jpg]
[bootstrapget.com/demos/one-bootstrap-admin-dashboard/assets/images/mobiles/mob4.jpg]
[bootstrapget.com/demos/one-bootstrap-admin-dashboard/assets/images/mobiles/mob7.jpg]
[bootstrapget.com/demos/one-bootstrap-admin-dashboard/widgets.html]
[bootstrapget.com/demos/one-bootstrap-admin-dashboard/assets/vendor/calendar/css/main.min.css]
[bootstrapget.com/demos/one-bootstrap-admin-dashboard/assets/vendor/calendar/css/custom.css]
[bootstrapget.com/demos/one-bootstrap-admin-dashboard/assets/vendor/calendar/js/main.min.js]
[bootstrapget.com/demos/one-bootstrap-admin-dashboard/assets/vendor/calendar/custom/daygrid-calendar.js]
[bootstrapget.com/demos/one-bootstrap-admin-dashboard/calendar.html]
[bootstrapget.com/demos/one-bootstrap-admin-dashboard/default.html]
[bootstrapget.com/demos/one-bootstrap-admin-dashboard/assets/images/flowers/img1.jpg]
[bootstrapget.com/demos/one-bootstrap-admin-dashboard/assets/images/flowers/img5.jpg]
[bootstrapget.com/demos/one-bootstrap-admin-dashboard/assets/images/flowers/img9.jpg]
[bootstrapget.com/demos/one-bootstrap-admin-dashboard/accordions.html]
[bootstrapget.com/demos/one-bootstrap-admin-dashboard/alerts.html]
[bootstrapget.com/demos/one-bootstrap-admin-dashboard/buttons.html]
[bootstrapget.com/demos/one-bootstrap-admin-dashboard/badges.html]
[bootstrapget.com/demos/one-bootstrap-admin-dashboard/assets/images/flowers/img6.jpg]
[bootstrapget.com/demos/one-bootstrap-admin-dashboard/assets/images/flowers/img7.jpg]
[bootstrapget.com/demos/one-bootstrap-admin-dashboard/assets/images/flowers/img8.jpg]
[bootstrapget.com/demos/one-bootstrap-admin-dashboard/assets/images/flowers/img2.jpg]
[bootstrapget.com/demos/one-bootstrap-admin-dashboard/assets/images/flowers/img10.jpg]
[bootstrapget.com/demos/one-bootstrap-admin-dashboard/assets/images/flowers/img4.jpg]
[bootstrapget.com/demos/one-bootstrap-admin-dashboard/assets/images/flowers/img3.jpg]
[bootstrapget.com/demos/one-bootstrap-admin-dashboard/carousel.html]
[bootstrapget.com/demos/one-bootstrap-admin-dashboard/list-items.html]
[bootstrapget.com/demos/one-bootstrap-admin-dashboard/progress.html]
[bootstrapget.com/demos/one-bootstrap-admin-dashboard/popovers.html]
[bootstrapget.com/demos/one-bootstrap-admin-dashboard/tooltips.html]
[bootstrapget.com/demos/one-bootstrap-admin-dashboard/form-inputs.html]
[bootstrapget.com/demos/one-bootstrap-admin-dashboard/form-checkbox-radio.html]
[bootstrapget.com/demos/one-bootstrap-admin-dashboard/form-file-input.html]
[bootstrapget.com/demos/one-bootstrap-admin-dashboard/assets/js/validations.js]
[bootstrapget.com/demos/one-bootstrap-admin-dashboard/form-validations.html]
[bootstrapget.com/demos/one-bootstrap-admin-dashboard/assets/vendor/daterange/daterange.css]
[bootstrapget.com/demos/one-bootstrap-admin-dashboard/assets/js/modernizr.js]
[bootstrapget.com/demos/one-bootstrap-admin-dashboard/assets/js/moment.min.js]
[bootstrapget.com/demos/one-bootstrap-admin-dashboard/assets/vendor/daterange/daterange.js]
[bootstrapget.com/demos/one-bootstrap-admin-dashboard/assets/vendor/daterange/custom-daterange.js]
[bootstrapget.com/demos/one-bootstrap-admin-dashboard/date-time-pickers.html]
[bootstrapget.com/demos/one-bootstrap-admin-dashboard/form-layouts.html]
[bootstrapget.com/demos/one-bootstrap-admin-dashboard/create-invoice.html]
[bootstrapget.com/demos/one-bootstrap-admin-dashboard/view-invoice.html]
[bootstrapget.com/demos/one-bootstrap-admin-dashboard/invoice-list.html]
[bootstrapget.com/demos/one-bootstrap-admin-dashboard/tables.html]
[bootstrapget.com/demos/one-bootstrap-admin-dashboard/events.html]
[bootstrapget.com/demos/one-bootstrap-admin-dashboard/subscribers.html]
[bootstrapget.com/demos/one-bootstrap-admin-dashboard/contacts.html]
[bootstrapget.com/demos/one-bootstrap-admin-dashboard/settings.html]
[bootstrapget.com/demos/one-bootstrap-admin-dashboard/assets/vendor/apex/custom/profile/sales.js]
[bootstrapget.com/demos/one-bootstrap-admin-dashboard/profile.html]
[bootstrapget.com/demos/one-bootstrap-admin-dashboard/cards.html]
[bootstrapget.com/demos/one-bootstrap-admin-dashboard/advanced-cards.html]
[bootstrapget.com/demos/one-bootstrap-admin-dashboard/assets/vendor/apex/custom/graphs/area.js]
[bootstrapget.com/demos/one-bootstrap-admin-dashboard/assets/vendor/apex/custom/graphs/line.js]
[bootstrapget.com/demos/one-bootstrap-admin-dashboard/assets/vendor/apex/custom/graphs/bar.js]
[bootstrapget.com/demos/one-bootstrap-admin-dashboard/assets/vendor/apex/custom/graphs/column-area.js]
[bootstrapget.com/demos/one-bootstrap-admin-dashboard/assets/vendor/apex/custom/graphs/candlestick.js]
[bootstrapget.com/demos/one-bootstrap-admin-dashboard/assets/vendor/apex/custom/graphs/heatmap.js]
[bootstrapget.com/demos/one-bootstrap-admin-dashboard/assets/vendor/apex/custom/graphs/donut.js]
[bootstrapget.com/demos/one-bootstrap-admin-dashboard/assets/vendor/apex/custom/graphs/pie.js]
[bootstrapget.com/demos/one-bootstrap-admin-dashboard/assets/vendor/apex/custom/graphs/funnel.js]
[bootstrapget.com/demos/one-bootstrap-admin-dashboard/assets/vendor/apex/custom/graphs/pyramid.js]
[bootstrapget.com/demos/one-bootstrap-admin-dashboard/apex.html]
[bootstrapget.com/demos/one-bootstrap-admin-dashboard/assets/vendor/morris/morris.css]
[bootstrapget.com/demos/one-bootstrap-admin-dashboard/assets/vendor/morris/raphael-min.js]
[bootstrapget.com/demos/one-bootstrap-admin-dashboard/assets/vendor/morris/morris.min.js]
[bootstrapget.com/demos/one-bootstrap-admin-dashboard/assets/vendor/morris/custom/area.js]
[bootstrapget.com/demos/one-bootstrap-admin-dashboard/assets/vendor/morris/custom/barColors.js]
[bootstrapget.com/demos/one-bootstrap-admin-dashboard/assets/vendor/morris/custom/dayData.js]
[bootstrapget.com/demos/one-bootstrap-admin-dashboard/assets/vendor/morris/custom/donutColors.js]
[bootstrapget.com/demos/one-bootstrap-admin-dashboard/assets/vendor/morris/custom/donutFormatter.js]
[bootstrapget.com/demos/one-bootstrap-admin-dashboard/assets/vendor/morris/custom/morrisBar.js]
[bootstrapget.com/demos/one-bootstrap-admin-dashboard/assets/vendor/morris/custom/negativeValues.js]
[bootstrapget.com/demos/one-bootstrap-admin-dashboard/assets/vendor/morris/custom/stackedBar.js]
[bootstrapget.com/demos/one-bootstrap-admin-dashboard/morris.html]
[bootstrapget.com/demos/one-bootstrap-admin-dashboard/assets/vendor/jvectormap/africa-mill.js]
[bootstrapget.com/demos/one-bootstrap-admin-dashboard/assets/vendor/jvectormap/dk-mill.js]
[bootstrapget.com/demos/one-bootstrap-admin-dashboard/assets/vendor/jvectormap/world-mill-en.js]
[bootstrapget.com/demos/one-bootstrap-admin-dashboard/assets/vendor/jvectormap/continents-mill.js]
[bootstrapget.com/demos/one-bootstrap-admin-dashboard/assets/vendor/jvectormap/custom/world-map-markers2.js]
[bootstrapget.com/demos/one-bootstrap-admin-dashboard/assets/vendor/jvectormap/custom/world-map-gdp.js]
[bootstrapget.com/demos/one-bootstrap-admin-dashboard/assets/vendor/jvectormap/custom/map-usa.js]
[bootstrapget.com/demos/one-bootstrap-admin-dashboard/assets/vendor/jvectormap/custom/map-usa2.js]
[bootstrapget.com/demos/one-bootstrap-admin-dashboard/assets/vendor/jvectormap/custom/custom-denmark.js]
[bootstrapget.com/demos/one-bootstrap-admin-dashboard/assets/vendor/jvectormap/custom/map-africa.js]
[bootstrapget.com/demos/one-bootstrap-admin-dashboard/maps.html]
[bootstrapget.com/demos/one-bootstrap-admin-dashboard/tabs.html]
[bootstrapget.com/demos/one-bootstrap-admin-dashboard/modals.html]
[bootstrapget.com/demos/one-bootstrap-admin-dashboard/icons.html]
[bootstrapget.com/demos/one-bootstrap-admin-dashboard/typography.html]
[bootstrapget.com/demos/one-bootstrap-admin-dashboard/login.html]
[bootstrapget.com/demos/one-bootstrap-admin-dashboard/signup.html]
[bootstrapget.com/demos/one-bootstrap-admin-dashboard/forgot-password.html]
[bootstrapget.com/demos/one-bootstrap-admin-dashboard/reset-password.html]
[bootstrapget.com/demos/one-bootstrap-admin-dashboard/lock-screen.html]
[bootstrapget.com/demos/one-bootstrap-admin-dashboard/page-not-found.html]
[bootstrapget.com/demos/one-bootstrap-admin-dashboard/maintenance.html]
[bootstrapget.com/demos/one-bootstrap-admin-dashboard/assets/images/logo-sm.svg]
[bootstrapget.com/demos/one-bootstrap-admin-dashboard/assets/images/curve-line.svg]
[bootstrapget.com/demos/one-bootstrap-admin-dashboard/assets/images/login.svg]
[bootstrapget.com/demos/one-bootstrap-admin-dashboard/assets/images/sidebar-bg.svg]
[bootstrapget.com/demos/one-bootstrap-admin-dashboard/assets/images/dots.svg]
[bootstrapget.com/demos/one-bootstrap-admin-dashboard/assets/images/browser/chrome.svg]
[bootstrapget.com/demos/one-bootstrap-admin-dashboard/assets/images/browser/firefox.svg]
[bootstrapget.com/demos/one-bootstrap-admin-dashboard/assets/images/browser/safari.svg]
[bootstrapget.com/demos/one-bootstrap-admin-dashboard/assets/images/browser/ie.svg]
[bootstrapget.com/demos/one-bootstrap-admin-dashboard/assets/images/browser/opera.svg]
[bootstrapget.com/demos/one-bootstrap-admin-dashboard/assets/vendor/calendar/css/main.min.css]
[bootstrapget.com/demos/one-bootstrap-admin-dashboard/assets/vendor/calendar/css/custom.css]
[bootstrapget.com/demos/one-bootstrap-admin-dashboard/assets/vendor/daterange/daterange.css]
[bootstrapget.com/demos/one-bootstrap-admin-dashboard/assets/images/flags/1x1/hk.svg]
[bootstrapget.com/demos/one-bootstrap-admin-dashboard/assets/images/flags/1x1/au.svg]
[bootstrapget.com/demos/one-bootstrap-admin-dashboard/assets/images/flags/1x1/tz.svg]
[bootstrapget.com/demos/one-bootstrap-admin-dashboard/assets/images/flags/1x1/ru.svg]
[bootstrapget.com/demos/one-bootstrap-admin-dashboard/assets/images/flags/1x1/de.svg]
[bootstrapget.com/demos/one-bootstrap-admin-dashboard/assets/images/notifications.svg]
[bootstrapget.com/demos/one-bootstrap-admin-dashboard/assets/vendor/morris/morris.css]
